[mccompiler-harness] cycle=1
WARNING: The requested image's platform (linux/amd64) does not match the detected host platform (linux/arm64/v8) and no specific platform was requested
time="2026-07-23T10:28:41Z" level=debug msg="Using /data to match uid and gid"
time="2026-07-23T10:28:41Z" level=debug msg="Resolved UID=0 from match path"
time="2026-07-23T10:28:41Z" level=debug msg="Resolved GID=0 from match path"
Image info: buildtime=2025-12-13T02:14:45.091Z,version=master,revision=19ecd3aaf1bca5daa6a68526e6f51bb84732953a
Using given version 1.26.33.2
Downloading Bedrock server version 1.26.33.2 ...
2026/07/23 10:28:57 Setting online-mode to false in server.properties
2026/07/23 10:28:57 Setting allow-list to false in server.properties
2026/07/23 10:28:57 Setting level-name to Controlled Chaos Qualification in server.properties
2026/07/23 10:28:57 Setting content-log-console-output-enabled to true in server.properties
2026/07/23 10:28:57 Setting white-list to false in server.properties
Starting Bedrock server...
NO LOG FILE! - setting up server logging...
[2026-07-23 10:28:57:993 INFO] Starting Server
[2026-07-23 10:28:57:993 INFO] Version: 1.26.33.2
[2026-07-23 10:28:57:993 INFO] Session ID: 70d593a2-dded-462f-84ad-a821a8d7c82b
[2026-07-23 10:28:57:993 INFO] Build ID: 47564860
[2026-07-23 10:28:57:993 INFO] Branch: r/26_u3
[2026-07-23 10:28:57:993 INFO] Commit ID: 677921346ba4ea8fe5a0bed9807f2227f5352d7d
[2026-07-23 10:28:57:993 INFO] Configuration: Publish
[2026-07-23 10:28:57:998 INFO] Level Name: Controlled Chaos Qualification
[2026-07-23 10:28:58:002 INFO] No CDN config file found at: cdn_config.json for dedicated server
[2026-07-23 10:28:58:002 INFO] Game mode: 0 Survival
[2026-07-23 10:28:58:003 INFO] Difficulty: 1 EASY
[2026-07-23 10:28:58:009 INFO] Content logging to console is enabled.
[2026-07-23 10:28:58:059 INFO]
#####################################################
#                                                   #
#               LOADING VANILLA WORLD               #
#                                                   #
#####################################################
[2026-07-23 10:28:59:265 INFO] Opening level 'worlds/Controlled Chaos Qualification/db'
[2026-07-23 10:28:59:918 INFO] Pack Stack - [00] Controlled Chaos Qualification BP (id: d3b77165-3fc6-4f35-b326-15939cd1dbaf, version: 1.0.0) @ worlds/Controlled Chaos Qualification/behavior_packs/Controlled_Chaos_Qualification_BP-d3b77165
[2026-07-23 10:29:01:559 WARN] [Item] controlled_chaos:resonance_sling -> components -> minecraft:use_duration: this member was found in the input, but is not present in the Schema
[2026-07-23 10:29:01:564 WARN] [Item] controlled_chaos:signal_console -> components -> minecraft:use_duration: this member was found in the input, but is not present in the Schema
[2026-07-23 10:29:03:047 INFO] IPv4 supported, port: 19132: Used for gameplay and LAN discovery
[2026-07-23 10:29:03:047 INFO] IPv6 supported, port: 19133: Used for gameplay
[2026-07-23 10:29:03:109 INFO] Server started.
[2026-07-23 10:29:03:110 INFO] ================ TELEMETRY MESSAGE ===================
[2026-07-23 10:29:03:110 INFO] Server Telemetry is currently not enabled.
[2026-07-23 10:29:03:110 INFO] Enabling this telemetry helps us improve the game.
[2026-07-23 10:29:03:110 INFO]
[2026-07-23 10:29:03:110 INFO] To enable this feature, add the line 'emit-server-telemetry=true'
[2026-07-23 10:29:03:110 INFO] to the server.properties file in the handheld/src-server directory
[2026-07-23 10:29:03:110 INFO] ======================================================
[2026-07-23 10:29:03:245 WARN] [Scripting] [controlled_chaos] runtime initialized persistent_boot=1
time="2026-07-23T10:29:18Z" level=debug msg="Forwarding signal" signal=terminated
time="2026-07-23T10:29:18Z" level=debug msg="Sending message on stdin due to SIGTERM" message=stop
[2026-07-23 10:29:18:515 INFO] Server stop requested.
[2026-07-23 10:29:18:545 INFO] Stopping server...
Quit correctly
2026-07-23T10:29:18.971Z	INFO	mc-server-runner	Done
[mccompiler-harness] cycle=2
WARNING: The requested image's platform (linux/amd64) does not match the detected host platform (linux/arm64/v8) and no specific platform was requested
time="2026-07-23T10:29:19Z" level=debug msg="Using /data to match uid and gid"
time="2026-07-23T10:29:19Z" level=debug msg="Resolved UID=0 from match path"
time="2026-07-23T10:29:19Z" level=debug msg="Resolved GID=0 from match path"
Image info: buildtime=2025-12-13T02:14:45.091Z,version=master,revision=19ecd3aaf1bca5daa6a68526e6f51bb84732953a
Using given version 1.26.33.2
2026/07/23 10:29:20 Setting white-list to false in server.properties
Starting Bedrock server...
NO LOG FILE! - setting up server logging...
[2026-07-23 10:29:20:396 INFO] Starting Server
[2026-07-23 10:29:20:397 INFO] Version: 1.26.33.2
[2026-07-23 10:29:20:397 INFO] Session ID: c6a4fbf5-3471-49b9-a68f-4e7014a19582
[2026-07-23 10:29:20:397 INFO] Build ID: 47564860
[2026-07-23 10:29:20:397 INFO] Branch: r/26_u3
[2026-07-23 10:29:20:397 INFO] Commit ID: 677921346ba4ea8fe5a0bed9807f2227f5352d7d
[2026-07-23 10:29:20:397 INFO] Configuration: Publish
[2026-07-23 10:29:20:401 INFO] Level Name: Controlled Chaos Qualification
[2026-07-23 10:29:20:406 INFO] No CDN config file found at: cdn_config.json for dedicated server
[2026-07-23 10:29:20:406 INFO] Game mode: 0 Survival
[2026-07-23 10:29:20:406 INFO] Difficulty: 1 EASY
[2026-07-23 10:29:20:413 INFO] Content logging to console is enabled.
[2026-07-23 10:29:20:463 INFO]
#####################################################
#                                                   #
#               LOADING VANILLA WORLD               #
#                                                   #
#####################################################
[2026-07-23 10:29:21:579 INFO] Opening level 'worlds/Controlled Chaos Qualification/db'
[2026-07-23 10:29:22:257 INFO] Pack Stack - [00] Controlled Chaos Qualification BP (id: d3b77165-3fc6-4f35-b326-15939cd1dbaf, version: 1.0.0) @ worlds/Controlled Chaos Qualification/behavior_packs/Controlled_Chaos_Qualification_BP-d3b77165
[2026-07-23 10:29:23:962 WARN] [Item] controlled_chaos:resonance_sling -> components -> minecraft:use_duration: this member was found in the input, but is not present in the Schema
[2026-07-23 10:29:23:968 WARN] [Item] controlled_chaos:signal_console -> components -> minecraft:use_duration: this member was found in the input, but is not present in the Schema
[2026-07-23 10:29:25:479 INFO] IPv4 supported, port: 19132: Used for gameplay and LAN discovery
[2026-07-23 10:29:25:479 INFO] IPv6 supported, port: 19133: Used for gameplay
[2026-07-23 10:29:25:539 INFO] Server started.
[2026-07-23 10:29:25:540 INFO] ================ TELEMETRY MESSAGE ===================
[2026-07-23 10:29:25:540 INFO] Server Telemetry is currently not enabled.
[2026-07-23 10:29:25:540 INFO] Enabling this telemetry helps us improve the game.
[2026-07-23 10:29:25:540 INFO]
[2026-07-23 10:29:25:540 INFO] To enable this feature, add the line 'emit-server-telemetry=true'
[2026-07-23 10:29:25:540 INFO] to the server.properties file in the handheld/src-server directory
[2026-07-23 10:29:25:540 INFO] ======================================================
[2026-07-23 10:29:25:671 WARN] [Scripting] [controlled_chaos] runtime initialized persistent_boot=2
time="2026-07-23T10:29:40Z" level=debug msg="Forwarding signal" signal=terminated
time="2026-07-23T10:29:40Z" level=debug msg="Sending message on stdin due to SIGTERM" message=stop
[2026-07-23 10:29:40:894 INFO] Server stop requested.
[2026-07-23 10:29:40:922 INFO] Stopping server...
Quit correctly
2026-07-23T10:29:41.364Z	INFO	mc-server-runner	Done
[mccompiler-harness] cycle=3
WARNING: The requested image's platform (linux/amd64) does not match the detected host platform (linux/arm64/v8) and no specific platform was requested
time="2026-07-23T10:29:41Z" level=debug msg="Using /data to match uid and gid"
time="2026-07-23T10:29:41Z" level=debug msg="Resolved UID=0 from match path"
time="2026-07-23T10:29:41Z" level=debug msg="Resolved GID=0 from match path"
Image info: buildtime=2025-12-13T02:14:45.091Z,version=master,revision=19ecd3aaf1bca5daa6a68526e6f51bb84732953a
Using given version 1.26.33.2
2026/07/23 10:29:42 Setting white-list to false in server.properties
Starting Bedrock server...
NO LOG FILE! - setting up server logging...
[2026-07-23 10:29:43:092 INFO] Starting Server
[2026-07-23 10:29:43:092 INFO] Version: 1.26.33.2
[2026-07-23 10:29:43:092 INFO] Session ID: 34d868aa-703a-4bd7-9afd-3c256679ebfd
[2026-07-23 10:29:43:092 INFO] Build ID: 47564860
[2026-07-23 10:29:43:092 INFO] Branch: r/26_u3
[2026-07-23 10:29:43:092 INFO] Commit ID: 677921346ba4ea8fe5a0bed9807f2227f5352d7d
[2026-07-23 10:29:43:092 INFO] Configuration: Publish
[2026-07-23 10:29:43:097 INFO] Level Name: Controlled Chaos Qualification
[2026-07-23 10:29:43:101 INFO] No CDN config file found at: cdn_config.json for dedicated server
[2026-07-23 10:29:43:101 INFO] Game mode: 0 Survival
[2026-07-23 10:29:43:102 INFO] Difficulty: 1 EASY
[2026-07-23 10:29:43:109 INFO] Content logging to console is enabled.
[2026-07-23 10:29:43:161 INFO]
#####################################################
#                                                   #
#               LOADING VANILLA WORLD               #
#                                                   #
#####################################################
[2026-07-23 10:29:44:297 INFO] Opening level 'worlds/Controlled Chaos Qualification/db'
[2026-07-23 10:29:44:949 INFO] Pack Stack - [00] Controlled Chaos Qualification BP (id: d3b77165-3fc6-4f35-b326-15939cd1dbaf, version: 1.0.0) @ worlds/Controlled Chaos Qualification/behavior_packs/Controlled_Chaos_Qualification_BP-d3b77165
[2026-07-23 10:29:46:595 WARN] [Item] controlled_chaos:resonance_sling -> components -> minecraft:use_duration: this member was found in the input, but is not present in the Schema
[2026-07-23 10:29:46:601 WARN] [Item] controlled_chaos:signal_console -> components -> minecraft:use_duration: this member was found in the input, but is not present in the Schema
[2026-07-23 10:29:48:074 INFO] IPv4 supported, port: 19132: Used for gameplay and LAN discovery
[2026-07-23 10:29:48:074 INFO] IPv6 supported, port: 19133: Used for gameplay
[2026-07-23 10:29:48:133 INFO] Server started.
[2026-07-23 10:29:48:134 INFO] ================ TELEMETRY MESSAGE ===================
[2026-07-23 10:29:48:134 INFO] Server Telemetry is currently not enabled.
[2026-07-23 10:29:48:134 INFO] Enabling this telemetry helps us improve the game.
[2026-07-23 10:29:48:134 INFO]
[2026-07-23 10:29:48:134 INFO] To enable this feature, add the line 'emit-server-telemetry=true'
[2026-07-23 10:29:48:134 INFO] to the server.properties file in the handheld/src-server directory
[2026-07-23 10:29:48:134 INFO] ======================================================
[2026-07-23 10:29:48:263 WARN] [Scripting] [controlled_chaos] runtime initialized persistent_boot=3
time="2026-07-23T10:30:03Z" level=debug msg="Forwarding signal" signal=terminated
time="2026-07-23T10:30:03Z" level=debug msg="Sending message on stdin due to SIGTERM" message=stop
[2026-07-23 10:30:03:486 INFO] Server stop requested.
[2026-07-23 10:30:03:512 INFO] Stopping server...
Quit correctly
2026-07-23T10:30:03.963Z	INFO	mc-server-runner	Done
