[mccompiler-harness] cycle=1
WARNING: The requested image's platform (linux/amd64) does not match the detected host platform (linux/arm64/v8) and no specific platform was requested
time="2026-07-23T19:22:42Z" level=debug msg="Using /data to match uid and gid"
time="2026-07-23T19:22:42Z" level=debug msg="Resolved UID=0 from match path"
time="2026-07-23T19:22:42Z" level=debug msg="Resolved GID=0 from match path"
Image info: buildtime=2025-12-13T02:14:45.091Z,version=master,revision=19ecd3aaf1bca5daa6a68526e6f51bb84732953a
Using existing bedrock server executable
2026/07/23 19:22:42 Setting white-list to false in server.properties
Starting Bedrock server...
NO LOG FILE! - setting up server logging...
[2026-07-23 19:22:43:085 INFO] Starting Server
[2026-07-23 19:22:43:086 INFO] Version: 1.26.33.2
[2026-07-23 19:22:43:086 INFO] Session ID: 063916a9-cc4e-4f01-981b-ea6b3a3fefc7
[2026-07-23 19:22:43:086 INFO] Build ID: 47564860
[2026-07-23 19:22:43:086 INFO] Branch: r/26_u3
[2026-07-23 19:22:43:086 INFO] Commit ID: 677921346ba4ea8fe5a0bed9807f2227f5352d7d
[2026-07-23 19:22:43:086 INFO] Configuration: Publish
[2026-07-23 19:22:43:091 INFO] Level Name: Resonance Sling INTERNAL TEST
[2026-07-23 19:22:43:095 INFO] No CDN config file found at: cdn_config.json for dedicated server
[2026-07-23 19:22:43:095 INFO] Game mode: 0 Survival
[2026-07-23 19:22:43:095 INFO] Difficulty: 1 EASY
[2026-07-23 19:22:43:102 INFO] Content logging to console is enabled.
[2026-07-23 19:22:43:151 INFO]
#####################################################
#                                                   #
#               LOADING VANILLA WORLD               #
#                                                   #
#####################################################
[2026-07-23 19:22:44:500 INFO] Opening level 'worlds/Resonance Sling INTERNAL TEST/db'
[2026-07-23 19:22:45:171 INFO] Pack Stack - [00] Resonance Sling INTERNAL TEST BP (id: 61e0bbf4-0051-4bb0-a5bb-19e1cd68db0f, version: 1.0.0) @ worlds/Resonance Sling INTERNAL TEST/behavior_packs/Resonance_Sling_INTERNAL_TEST_BP-61e0bbf4
[2026-07-23 19:22:45:879 WARN] [Scripting] [resonance-sling] script runtime initialized stable_api=2.0.0 persistent_records=0 global_scan_per_tick=0 cap=16
[2026-07-23 19:22:46:818 WARN] [Components] Resonance Sling INTERNAL TEST | actor_definitions | worlds/Resonance Sling INTERNAL TEST/behavior_packs/Resonance_Sling_INTERNAL_TEST_BP-61e0bbf4 | ccoriginal_cc:resonance_pulse | minecraft:entity | components | Invalid particle type 'ccoriginal_cc:resonance_impact' specified.
[2026-07-23 19:22:48:165 INFO] IPv4 supported, port: 19132: Used for gameplay and LAN discovery
[2026-07-23 19:22:48:165 INFO] IPv6 supported, port: 19133: Used for gameplay
[2026-07-23 19:22:48:224 INFO] Server started.
[2026-07-23 19:22:48:225 INFO] ================ TELEMETRY MESSAGE ===================
[2026-07-23 19:22:48:225 INFO] Server Telemetry is currently not enabled.
[2026-07-23 19:22:48:225 INFO] Enabling this telemetry helps us improve the game.
[2026-07-23 19:22:48:225 INFO]
[2026-07-23 19:22:48:225 INFO] To enable this feature, add the line 'emit-server-telemetry=true'
[2026-07-23 19:22:48:225 INFO] to the server.properties file in the handheld/src-server directory
[2026-07-23 19:22:48:225 INFO] ======================================================
time="2026-07-23T19:23:03Z" level=debug msg="Forwarding signal" signal=terminated
time="2026-07-23T19:23:03Z" level=debug msg="Sending message on stdin due to SIGTERM" message=stop
[2026-07-23 19:23:03:508 INFO] Server stop requested.
[2026-07-23 19:23:03:540 INFO] Stopping server...
Quit correctly
2026-07-23T19:23:03.956Z	INFO	mc-server-runner	Done
[mccompiler-harness] cycle=2
WARNING: The requested image's platform (linux/amd64) does not match the detected host platform (linux/arm64/v8) and no specific platform was requested
time="2026-07-23T19:23:04Z" level=debug msg="Using /data to match uid and gid"
time="2026-07-23T19:23:04Z" level=debug msg="Resolved UID=0 from match path"
time="2026-07-23T19:23:04Z" level=debug msg="Resolved GID=0 from match path"
Image info: buildtime=2025-12-13T02:14:45.091Z,version=master,revision=19ecd3aaf1bca5daa6a68526e6f51bb84732953a
Using existing bedrock server executable
2026/07/23 19:23:04 Setting white-list to false in server.properties
Starting Bedrock server...
NO LOG FILE! - setting up server logging...
[2026-07-23 19:23:04:570 INFO] Starting Server
[2026-07-23 19:23:04:571 INFO] Version: 1.26.33.2
[2026-07-23 19:23:04:571 INFO] Session ID: 8c4b58af-14f8-4674-aa66-68fe58bbb4c2
[2026-07-23 19:23:04:571 INFO] Build ID: 47564860
[2026-07-23 19:23:04:571 INFO] Branch: r/26_u3
[2026-07-23 19:23:04:571 INFO] Commit ID: 677921346ba4ea8fe5a0bed9807f2227f5352d7d
[2026-07-23 19:23:04:571 INFO] Configuration: Publish
[2026-07-23 19:23:04:575 INFO] Level Name: Resonance Sling INTERNAL TEST
[2026-07-23 19:23:04:579 INFO] No CDN config file found at: cdn_config.json for dedicated server
[2026-07-23 19:23:04:579 INFO] Game mode: 0 Survival
[2026-07-23 19:23:04:579 INFO] Difficulty: 1 EASY
[2026-07-23 19:23:04:586 INFO] Content logging to console is enabled.
[2026-07-23 19:23:04:634 INFO]
#####################################################
#                                                   #
#               LOADING VANILLA WORLD               #
#                                                   #
#####################################################
[2026-07-23 19:23:05:717 INFO] Opening level 'worlds/Resonance Sling INTERNAL TEST/db'
[2026-07-23 19:23:06:363 INFO] Pack Stack - [00] Resonance Sling INTERNAL TEST BP (id: 61e0bbf4-0051-4bb0-a5bb-19e1cd68db0f, version: 1.0.0) @ worlds/Resonance Sling INTERNAL TEST/behavior_packs/Resonance_Sling_INTERNAL_TEST_BP-61e0bbf4
[2026-07-23 19:23:07:061 WARN] [Scripting] [resonance-sling] script runtime initialized stable_api=2.0.0 persistent_records=0 global_scan_per_tick=0 cap=16
[2026-07-23 19:23:07:986 WARN] [Components] Resonance Sling INTERNAL TEST | actor_definitions | worlds/Resonance Sling INTERNAL TEST/behavior_packs/Resonance_Sling_INTERNAL_TEST_BP-61e0bbf4 | ccoriginal_cc:resonance_pulse | minecraft:entity | components | Invalid particle type 'ccoriginal_cc:resonance_impact' specified.
[2026-07-23 19:23:09:220 INFO] IPv4 supported, port: 19132: Used for gameplay and LAN discovery
[2026-07-23 19:23:09:220 INFO] IPv6 supported, port: 19133: Used for gameplay
[2026-07-23 19:23:09:280 INFO] Server started.
[2026-07-23 19:23:09:281 INFO] ================ TELEMETRY MESSAGE ===================
[2026-07-23 19:23:09:281 INFO] Server Telemetry is currently not enabled.
[2026-07-23 19:23:09:281 INFO] Enabling this telemetry helps us improve the game.
[2026-07-23 19:23:09:281 INFO]
[2026-07-23 19:23:09:281 INFO] To enable this feature, add the line 'emit-server-telemetry=true'
[2026-07-23 19:23:09:281 INFO] to the server.properties file in the handheld/src-server directory
[2026-07-23 19:23:09:281 INFO] ======================================================
time="2026-07-23T19:23:24Z" level=debug msg="Forwarding signal" signal=terminated
time="2026-07-23T19:23:24Z" level=debug msg="Sending message on stdin due to SIGTERM" message=stop
[2026-07-23 19:23:24:550 INFO] Server stop requested.
[2026-07-23 19:23:24:590 INFO] Stopping server...
Quit correctly
2026-07-23T19:23:25.009Z	INFO	mc-server-runner	Done
[mccompiler-harness] cycle=3
WARNING: The requested image's platform (linux/amd64) does not match the detected host platform (linux/arm64/v8) and no specific platform was requested
time="2026-07-23T19:23:25Z" level=debug msg="Using /data to match uid and gid"
time="2026-07-23T19:23:25Z" level=debug msg="Resolved UID=0 from match path"
time="2026-07-23T19:23:25Z" level=debug msg="Resolved GID=0 from match path"
Image info: buildtime=2025-12-13T02:14:45.091Z,version=master,revision=19ecd3aaf1bca5daa6a68526e6f51bb84732953a
Using existing bedrock server executable
2026/07/23 19:23:25 Setting white-list to false in server.properties
Starting Bedrock server...
NO LOG FILE! - setting up server logging...
[2026-07-23 19:23:25:643 INFO] Starting Server
[2026-07-23 19:23:25:643 INFO] Version: 1.26.33.2
[2026-07-23 19:23:25:643 INFO] Session ID: 444828e4-dca6-464f-8071-fdf91ca488ad
[2026-07-23 19:23:25:643 INFO] Build ID: 47564860
[2026-07-23 19:23:25:643 INFO] Branch: r/26_u3
[2026-07-23 19:23:25:643 INFO] Commit ID: 677921346ba4ea8fe5a0bed9807f2227f5352d7d
[2026-07-23 19:23:25:643 INFO] Configuration: Publish
[2026-07-23 19:23:25:648 INFO] Level Name: Resonance Sling INTERNAL TEST
[2026-07-23 19:23:25:651 INFO] No CDN config file found at: cdn_config.json for dedicated server
[2026-07-23 19:23:25:652 INFO] Game mode: 0 Survival
[2026-07-23 19:23:25:652 INFO] Difficulty: 1 EASY
[2026-07-23 19:23:25:659 INFO] Content logging to console is enabled.
[2026-07-23 19:23:25:706 INFO]
#####################################################
#                                                   #
#               LOADING VANILLA WORLD               #
#                                                   #
#####################################################
[2026-07-23 19:23:26:775 INFO] Opening level 'worlds/Resonance Sling INTERNAL TEST/db'
[2026-07-23 19:23:27:419 INFO] Pack Stack - [00] Resonance Sling INTERNAL TEST BP (id: 61e0bbf4-0051-4bb0-a5bb-19e1cd68db0f, version: 1.0.0) @ worlds/Resonance Sling INTERNAL TEST/behavior_packs/Resonance_Sling_INTERNAL_TEST_BP-61e0bbf4
[2026-07-23 19:23:28:105 WARN] [Scripting] [resonance-sling] script runtime initialized stable_api=2.0.0 persistent_records=0 global_scan_per_tick=0 cap=16
[2026-07-23 19:23:29:039 WARN] [Components] Resonance Sling INTERNAL TEST | actor_definitions | worlds/Resonance Sling INTERNAL TEST/behavior_packs/Resonance_Sling_INTERNAL_TEST_BP-61e0bbf4 | ccoriginal_cc:resonance_pulse | minecraft:entity | components | Invalid particle type 'ccoriginal_cc:resonance_impact' specified.
[2026-07-23 19:23:30:305 INFO] IPv4 supported, port: 19132: Used for gameplay and LAN discovery
[2026-07-23 19:23:30:305 INFO] IPv6 supported, port: 19133: Used for gameplay
[2026-07-23 19:23:30:364 INFO] Server started.
[2026-07-23 19:23:30:365 INFO] ================ TELEMETRY MESSAGE ===================
[2026-07-23 19:23:30:365 INFO] Server Telemetry is currently not enabled.
[2026-07-23 19:23:30:365 INFO] Enabling this telemetry helps us improve the game.
[2026-07-23 19:23:30:365 INFO]
[2026-07-23 19:23:30:365 INFO] To enable this feature, add the line 'emit-server-telemetry=true'
[2026-07-23 19:23:30:365 INFO] to the server.properties file in the handheld/src-server directory
[2026-07-23 19:23:30:365 INFO] ======================================================
time="2026-07-23T19:23:45Z" level=debug msg="Forwarding signal" signal=terminated
time="2026-07-23T19:23:45Z" level=debug msg="Sending message on stdin due to SIGTERM" message=stop
[2026-07-23 19:23:45:524 INFO] Server stop requested.
[2026-07-23 19:23:45:557 INFO] Stopping server...
Quit correctly
2026-07-23T19:23:45.981Z	INFO	mc-server-runner	Done
