[mccompiler-harness] cycle=1
WARNING: The requested image's platform (linux/amd64) does not match the detected host platform (linux/arm64/v8) and no specific platform was requested
time="2026-07-23T14:24:16Z" level=debug msg="Using /data to match uid and gid"
time="2026-07-23T14:24:16Z" level=debug msg="Resolved UID=0 from match path"
time="2026-07-23T14:24:16Z" level=debug msg="Resolved GID=0 from match path"
Image info: buildtime=2025-12-13T02:14:45.091Z,version=master,revision=19ecd3aaf1bca5daa6a68526e6f51bb84732953a
Using given version 1.26.33.2
Downloading Bedrock server version 1.26.33.2 ...
2026/07/23 14:24:39 Setting online-mode to false in server.properties
2026/07/23 14:24:39 Setting allow-list to false in server.properties
2026/07/23 14:24:39 Setting level-name to Bramblehorn Stable BDS in server.properties
2026/07/23 14:24:39 Setting content-log-console-output-enabled to true in server.properties
2026/07/23 14:24:39 Setting white-list to false in server.properties
Starting Bedrock server...
NO LOG FILE! - setting up server logging...
[2026-07-23 14:24:40:019 INFO] Starting Server
[2026-07-23 14:24:40:020 INFO] Version: 1.26.33.2
[2026-07-23 14:24:40:020 INFO] Session ID: 79ba0b2c-e577-4b79-b671-0929c967abc5
[2026-07-23 14:24:40:020 INFO] Build ID: 47564860
[2026-07-23 14:24:40:020 INFO] Branch: r/26_u3
[2026-07-23 14:24:40:020 INFO] Commit ID: 677921346ba4ea8fe5a0bed9807f2227f5352d7d
[2026-07-23 14:24:40:020 INFO] Configuration: Publish
[2026-07-23 14:24:40:024 INFO] Level Name: Bramblehorn Stable BDS
[2026-07-23 14:24:40:028 INFO] No CDN config file found at: cdn_config.json for dedicated server
[2026-07-23 14:24:40:029 INFO] Game mode: 0 Survival
[2026-07-23 14:24:40:029 INFO] Difficulty: 1 EASY
[2026-07-23 14:24:40:037 INFO] Content logging to console is enabled.
[2026-07-23 14:24:40:107 INFO]
#####################################################
#                                                   #
#               LOADING VANILLA WORLD               #
#                                                   #
#####################################################
[2026-07-23 14:24:41:339 INFO] Opening level 'worlds/Bramblehorn Stable BDS/db'
[2026-07-23 14:24:42:014 INFO] Pack Stack - [00] Bramblehorn Behaviors (id: e2c60206-794c-46a2-bb41-1f7cddd0a11c, version: 1.0.0) @ worlds/Bramblehorn Stable BDS/behavior_packs/Bramblehorn_Behaviors-e2c60206
[2026-07-23 14:24:42:731 WARN] [Scripting] [bramblehorn] runtime initialized
[2026-07-23 14:24:45:157 INFO] IPv4 supported, port: 19132: Used for gameplay and LAN discovery
[2026-07-23 14:24:45:157 INFO] IPv6 supported, port: 19133: Used for gameplay
[2026-07-23 14:24:45:219 INFO] Server started.
[2026-07-23 14:24:45:220 INFO] ================ TELEMETRY MESSAGE ===================
[2026-07-23 14:24:45:220 INFO] Server Telemetry is currently not enabled.
[2026-07-23 14:24:45:220 INFO] Enabling this telemetry helps us improve the game.
[2026-07-23 14:24:45:220 INFO]
[2026-07-23 14:24:45:220 INFO] To enable this feature, add the line 'emit-server-telemetry=true'
[2026-07-23 14:24:45:220 INFO] to the server.properties file in the handheld/src-server directory
[2026-07-23 14:24:45:220 INFO] ======================================================
[2026-07-23 14:24:46:477 INFO] Added ticking area centered at 8, 0, 8 with a radius of 1 chunks marked for preload.
1/10 ticking areas in use.
[2026-07-23 14:24:47:330 INFO] Object successfully summoned
[2026-07-23 14:24:49:421 INFO] Found entity.ccoriginal_cc:bramblehorn.name
[2026-07-23 14:24:51:501 INFO] Successfully executed 20 function entries.
[2026-07-23 14:24:53:333 INFO] Found entity.ccoriginal_cc:bramblehorn.name, entity.ccoriginal_cc:bramblehorn.name, entity.ccoriginal_cc:bramblehorn.name, entity.ccoriginal_cc:bramblehorn.name, entity.ccoriginal_cc:bramblehorn.name, entity.ccoriginal_cc:bramblehorn.name, entity.ccoriginal_cc:bramblehorn.name, entity.ccoriginal_cc:bramblehorn.name, entity.ccoriginal_cc:bramblehorn.name, entity.ccoriginal_cc:bramblehorn.name, entity.ccoriginal_cc:bramblehorn.name, entity.ccoriginal_cc:bramblehorn.name, entity.ccoriginal_cc:bramblehorn.name, entity.ccoriginal_cc:bramblehorn.name, entity.ccoriginal_cc:bramblehorn.name, entity.ccoriginal_cc:bramblehorn.name, entity.ccoriginal_cc:bramblehorn.name, entity.ccoriginal_cc:bramblehorn.name, entity.ccoriginal_cc:bramblehorn.name, entity.ccoriginal_cc:bramblehorn.name
[2026-07-23 14:24:55:431 INFO] Successfully executed 1 function entries.
time="2026-07-23T14:25:05Z" level=debug msg="Forwarding signal" signal=terminated
time="2026-07-23T14:25:05Z" level=debug msg="Sending message on stdin due to SIGTERM" message=stop
[2026-07-23 14:25:05:405 INFO] Server stop requested.
[2026-07-23 14:25:05:462 INFO] Stopping server...
Quit correctly
2026-07-23T14:25:05.927Z	INFO	mc-server-runner	Done
[mccompiler-harness] cycle=2
WARNING: The requested image's platform (linux/amd64) does not match the detected host platform (linux/arm64/v8) and no specific platform was requested
time="2026-07-23T14:25:06Z" level=debug msg="Using /data to match uid and gid"
time="2026-07-23T14:25:06Z" level=debug msg="Resolved UID=0 from match path"
time="2026-07-23T14:25:06Z" level=debug msg="Resolved GID=0 from match path"
Image info: buildtime=2025-12-13T02:14:45.091Z,version=master,revision=19ecd3aaf1bca5daa6a68526e6f51bb84732953a
Using given version 1.26.33.2
2026/07/23 14:25:07 Setting white-list to false in server.properties
Starting Bedrock server...
NO LOG FILE! - setting up server logging...
[2026-07-23 14:25:07:367 INFO] Starting Server
[2026-07-23 14:25:07:367 INFO] Version: 1.26.33.2
[2026-07-23 14:25:07:367 INFO] Session ID: 02f04d14-2614-4f19-8f7b-54c4e9b2e381
[2026-07-23 14:25:07:367 INFO] Build ID: 47564860
[2026-07-23 14:25:07:367 INFO] Branch: r/26_u3
[2026-07-23 14:25:07:367 INFO] Commit ID: 677921346ba4ea8fe5a0bed9807f2227f5352d7d
[2026-07-23 14:25:07:367 INFO] Configuration: Publish
[2026-07-23 14:25:07:372 INFO] Level Name: Bramblehorn Stable BDS
[2026-07-23 14:25:07:376 INFO] No CDN config file found at: cdn_config.json for dedicated server
[2026-07-23 14:25:07:376 INFO] Game mode: 0 Survival
[2026-07-23 14:25:07:376 INFO] Difficulty: 1 EASY
[2026-07-23 14:25:07:383 INFO] Content logging to console is enabled.
[2026-07-23 14:25:07:433 INFO]
#####################################################
#                                                   #
#               LOADING VANILLA WORLD               #
#                                                   #
#####################################################
[2026-07-23 14:25:08:566 INFO] Opening level 'worlds/Bramblehorn Stable BDS/db'
[2026-07-23 14:25:09:188 INFO] Pack Stack - [00] Bramblehorn Behaviors (id: e2c60206-794c-46a2-bb41-1f7cddd0a11c, version: 1.0.0) @ worlds/Bramblehorn Stable BDS/behavior_packs/Bramblehorn_Behaviors-e2c60206
[2026-07-23 14:25:09:835 WARN] [Scripting] [bramblehorn] runtime initialized
[2026-07-23 14:25:12:144 INFO] IPv4 supported, port: 19132: Used for gameplay and LAN discovery
[2026-07-23 14:25:12:144 INFO] IPv6 supported, port: 19133: Used for gameplay
[2026-07-23 14:25:12:202 INFO] Server started.
[2026-07-23 14:25:12:203 INFO] ================ TELEMETRY MESSAGE ===================
[2026-07-23 14:25:12:203 INFO] Server Telemetry is currently not enabled.
[2026-07-23 14:25:12:203 INFO] Enabling this telemetry helps us improve the game.
[2026-07-23 14:25:12:203 INFO]
[2026-07-23 14:25:12:203 INFO] To enable this feature, add the line 'emit-server-telemetry=true'
[2026-07-23 14:25:12:203 INFO] to the server.properties file in the handheld/src-server directory
[2026-07-23 14:25:12:203 INFO] ======================================================
[2026-07-23 14:25:14:369 INFO] Successfully executed 20 function entries.
[2026-07-23 14:25:16:412 INFO] Found entity.ccoriginal_cc:bramblehorn.name, entity.ccoriginal_cc:bramblehorn.name, entity.ccoriginal_cc:bramblehorn.name, entity.ccoriginal_cc:bramblehorn.name, entity.ccoriginal_cc:bramblehorn.name, entity.ccoriginal_cc:bramblehorn.name, entity.ccoriginal_cc:bramblehorn.name, entity.ccoriginal_cc:bramblehorn.name, entity.ccoriginal_cc:bramblehorn.name, entity.ccoriginal_cc:bramblehorn.name, entity.ccoriginal_cc:bramblehorn.name, entity.ccoriginal_cc:bramblehorn.name, entity.ccoriginal_cc:bramblehorn.name, entity.ccoriginal_cc:bramblehorn.name, entity.ccoriginal_cc:bramblehorn.name, entity.ccoriginal_cc:bramblehorn.name, entity.ccoriginal_cc:bramblehorn.name, entity.ccoriginal_cc:bramblehorn.name, entity.ccoriginal_cc:bramblehorn.name, entity.ccoriginal_cc:bramblehorn.name
[2026-07-23 14:25:18:480 INFO] Successfully executed 1 function entries.
time="2026-07-23T14:25:32Z" level=debug msg="Forwarding signal" signal=terminated
time="2026-07-23T14:25:32Z" level=debug msg="Sending message on stdin due to SIGTERM" message=stop
[2026-07-23 14:25:32:521 INFO] Server stop requested.
[2026-07-23 14:25:32:576 INFO] Stopping server...
Quit correctly
2026-07-23T14:25:33.046Z	INFO	mc-server-runner	Done
